// Jest Snapshot v1, https://goo.gl/fbAQLP

exports[`renders the list of characters and matches  snapshot 1`] = `
<DocumentFragment>
  <ul
    aria-label="characters list"
    aria-live="polite"
    class="grid gap-3 grid-flow-row grid-cols-auto-min-max-120-auto md:grid-cols-auto-min-max-185-auto"
  >
    <li
      aria-label="Animal"
      class="bg-black text-white overflow-hidden relative z-0
      after:absolute after:content[\\"\\"] after:z-1 after:bottom-0 after:right-0 after:border-8 after:border-t-transparent after:border-r-white after:border-b-white after:border-l-transparent
      
    "
    >
      <a
        aria-labelledby="1011176"
        class="block group"
        href="/character/1011176/animal"
      >
        <picture
          class="relative after:absolute after:content[\\"\\"] after:bg-red after:h-1 after:w-full after:left-0 after:-bottom-0.5"
        />
        <div
          class="relative z-0 h-40 p-3 before:absolute before:transition-[max-height] before:ease-in-out before:delay-s before:duration-l before:content[\\"\\"] before:h-[105%] before:max-h-[0px] before:bg-red before:w-full before:left-0 before:-top-0.5 before:z-[-1] group-hover:before:max-h-[300px]"
        >
          <h3
            class="mb-2 font-semibold uppercase text-sm leading-5 line-clamp-2"
          >
            Animal
          </h3>
          <p
            class="text-xs leading-5 line-clamp-4"
          >
            Xorn, whose mutation manifested as a tiny, powerful star inside his head, was brainwashed into believing he was the reincarnation of Magneto.
          </p>
        </div>
      </a>
    </li>
    <li
      aria-label="Braineater"
      class="bg-black text-white overflow-hidden relative z-0
      after:absolute after:content[\\"\\"] after:z-1 after:bottom-0 after:right-0 after:border-8 after:border-t-transparent after:border-r-white after:border-b-white after:border-l-transparent
      
    "
    >
      <a
        aria-labelledby="1011177"
        class="block group"
        href="/character/1011177/braineater"
      >
        <picture
          class="relative after:absolute after:content[\\"\\"] after:bg-red after:h-1 after:w-full after:left-0 after:-bottom-0.5"
        />
        <div
          class="relative z-0 h-40 p-3 before:absolute before:transition-[max-height] before:ease-in-out before:delay-s before:duration-l before:content[\\"\\"] before:h-[105%] before:max-h-[0px] before:bg-red before:w-full before:left-0 before:-top-0.5 before:z-[-1] group-hover:before:max-h-[300px]"
        >
          <h3
            class="mb-2 font-semibold uppercase text-sm leading-5 line-clamp-2"
          >
            Braineater
          </h3>
          <p
            class="text-xs leading-5 line-clamp-4"
          >
            Xorn, whose mutation manifested as a tiny, powerful star inside his head, was brainwashed into believing he was the reincarnation of Magneto.
          </p>
        </div>
      </a>
    </li>
    <li
      aria-label="Crusher"
      class="bg-black text-white overflow-hidden relative z-0
      after:absolute after:content[\\"\\"] after:z-1 after:bottom-0 after:right-0 after:border-8 after:border-t-transparent after:border-r-white after:border-b-white after:border-l-transparent
      
    "
    >
      <a
        aria-labelledby="1011178"
        class="block group"
        href="/character/1011178/crusher"
      >
        <picture
          class="relative after:absolute after:content[\\"\\"] after:bg-red after:h-1 after:w-full after:left-0 after:-bottom-0.5"
        />
        <div
          class="relative z-0 h-40 p-3 before:absolute before:transition-[max-height] before:ease-in-out before:delay-s before:duration-l before:content[\\"\\"] before:h-[105%] before:max-h-[0px] before:bg-red before:w-full before:left-0 before:-top-0.5 before:z-[-1] group-hover:before:max-h-[300px]"
        >
          <h3
            class="mb-2 font-semibold uppercase text-sm leading-5 line-clamp-2"
          >
            Crusher
          </h3>
        </div>
      </a>
    </li>
    <li
      aria-label="Destructor"
      class="bg-black text-white overflow-hidden relative z-0
      after:absolute after:content[\\"\\"] after:z-1 after:bottom-0 after:right-0 after:border-8 after:border-t-transparent after:border-r-white after:border-b-white after:border-l-transparent
      
    "
    >
      <a
        aria-labelledby="1011179"
        class="block group"
        href="/character/1011179/destructor"
      >
        <picture
          class="relative after:absolute after:content[\\"\\"] after:bg-red after:h-1 after:w-full after:left-0 after:-bottom-0.5"
        />
        <div
          class="relative z-0 h-40 p-3 before:absolute before:transition-[max-height] before:ease-in-out before:delay-s before:duration-l before:content[\\"\\"] before:h-[105%] before:max-h-[0px] before:bg-red before:w-full before:left-0 before:-top-0.5 before:z-[-1] group-hover:before:max-h-[300px]"
        >
          <h3
            class="mb-2 font-semibold uppercase text-sm leading-5 line-clamp-2"
          >
            Destructor
          </h3>
        </div>
      </a>
    </li>
  </ul>
</DocumentFragment>
`;
